Read image from: D:\Python\freepik\IMG_20191015_154349.jpg

=== Starting Comprehensive Test (7 scenarios) ===


----------------------------------------
Testing: Kling O1 Standard (kling-o1-std)
----------------------------------------
node : тЭМ FAILED: kling-o1-std
строка:1 знак:1
+ node test_all_models.js > test_output.txt 2>&1
+ ~~~~~~~~~~~~~~~~~~~~~~~~~~~~~~~~~~~~~~~~~~~~~~
    + CategoryInfo          : NotSpecified: (тЭМ FAILE 
   D: kling-o1-std:String) [], RemoteException
    + FullyQualifiedErrorId : NativeCommandError
 
   Error: kling-o1-std: Task failed: Unknown error

----------------------------------------
Testing: Kling 2.0 (kling-v2)
----------------------------------------
[ERROR] API Error: Request failed with status code 500
{
  "response": "\n        <!DOCTYPE html>\n        <html lang=\"es\">\n          <head>\n            <meta charset=\"utf-8\">\n            <meta name=\"viewport\" content=\"width=device-width, initial-scale=1.0\">\n            <title>Something is going on in the Universe...</title>\n            <link rel=\"icon\" type=\"image/x-icon\" href=\"https://fps.cdnpk.net/favicons/favicon.ico\">\n            <link rel=\"icon\" type=\"image/png\" href=\"https://fps.cdnpk.net/favicons/favicon-32x32.png\" sizes=\"32x32\">\n            <link rel=\"icon\" type=\"image/png\" href=\"https://fps.cdnpk.net/favicons/favicon-16x16.png\" sizes=\"16x16\">\n            <link rel=\"shortcut icon\" type=\"image/x-icon\" href=\"https://fps.cdnpk.net/favicons/favicon-96x96.png\">\n            <link rel=\"icon\" type=\"image/x-icon\" href=\"https://fps.cdnpk.net/favicons/favicon-96x96.png\" sizes=\"96x96\">\n            <link rel=\"apple-touch-icon-precomposed\" href=\"https://fps.cdnpk.net/favicons/apple-icon-57x57.png\" sizes=\"57x57\">\n            <link rel=\"apple-touch-icon-precomposed\" href=\"https://fps.cdnpk.net/favicons/apple-icon-72x72.png\" sizes=\"72x72\">\n            <link rel=\"apple-touch-icon-precomposed\" href=\"https://fps.cdnpk.net/favicons/apple-icon-114x114.png\" sizes=\"114x114\">\n            <link rel=\"apple-touch-icon-precomposed\" href=\"https://fps.cdnpk.net/favicons/apple-icon-144x144.png\" sizes=\"144x144\">\n            <link rel=\"preload\" href=\"https://fps.cdnpk.net/common/error-image-left.png\" as=\"image\" fetchpriority=\"high\">\n            <link rel=\"preload\" href=\"https://fps.cdnpk.net/common/error-image-right.png\" as=\"image\" fetchpriority=\"high\">\n            <link rel=\"preload\" href=\"https://fps.cdnpk.net/static/inter-regular.woff2\" as=\"font\" type=\"font/woff2\" crossorigin=\"anonymous\">\n            <link rel=\"preload\" href=\"https://fps.cdnpk.net/static/inter-semibold.woff2\" as=\"font\" type=\"font/woff2\" crossorigin=\"anonymous\">\n            <link rel=\"preload\" href=\"https://fps.cdnpk.net/static/inter-bold.woff2\" as=\"font\" type=\"font/woff2\" crossorigin=\"anonymous\">\n            <link rel=\"preload\" href=\"https://fps.cdnpk.net/static/degular-semibold.woff2\" as=\"font\" type=\"font/woff2\" crossorigin=\"anonymous\">\n            <link rel=\"preload\" href=\"https://fps.cdnpk.net/common/static-errors.css\" as=\"style\" crossorigin=\"\">\n            <link rel=\"stylesheet\" href=\"https://fps.cdnpk.net/common/static-errors.css\" crossorigin=\"\">\n          </head>\n          <body class=\"_otnfkq0\">\n            <div class=\"_17lid5f4 _17lid5f1 _1286nb12il _1286nb128l _1286nb18l _1286nb12v3 _1286nb12uf _1286nb16os _1286nb12sl _1286nb124l _1286nb1255 _1286nb1241 _1286nb12dx _1286nb12nl _1286nb12nh _17lid5f3\">\n              <div class=\"_1286nb1m _1286nb18l _1286nb12v3 _1286nb12t9 _1286nb12tx\">\n                <h4 class=\"_17lid5f9 _1286nb12n9 _1286nb12mz _1286nb12r3 _1286nb111 _1286nb11ol\">Error</h4>\n                <div class=\"_17lid5fi\">\n                  <div class=\"_17lid5ft _17lid5fq _17lid5fr\">\n                    <img alt=\"Space Man\" fetchpriority=\"high\" width=\"222\" height=\"276\" decoding=\"async\" class=\"_1286nb1433 _1286nb1434 _1286nb143n _1286nb1446 _1286nb13jl _1286nb11ox\" src=\"https://fps.cdnpk.net/common/error-image-left.png\">\n                  </div>\n                  <span class=\"_17lid5ff _1286nb189 _1286nb12r9 _1286nb11ox\">500</span>\n                  <div class=\"_17lid5fo\">\n                    <div class=\"_17lid5ft _17lid5fq _17lid5fs\">\n                      <img alt=\"Space Woman\" fetchpriority=\"high\" width=\"153\" height=\"317\" decoding=\"async\" class=\"_1286nb1433 _1286nb1434 _1286nb143n _1286nb1446 _1286nb13jl _1286nb11ox\" src=\"https://fps.cdnpk.net/common/error-image-right.png\">\n                    </div>\n                  </div>\n                </div>\n                <h4 class=\"_17lid5f9 _1286nb12n9 _1286nb12mz _1286nb12r3 _1286nb11ox\">Something is going on in the Universe...</h4>\n                <p>It seems like weтАЩre having some difficulties with the server; please donтАЩt abandon ship, weтАЩre sending for help.</p>\n              </div>\n              <p class=\"_1286nb12nx _1286nb168j _1286nb11b9\">\n                If the problem persists, contact our support team\n                <a class=\"_1286nb15nj _1286nb15op _1286nb12r3\" href=\"mailto:support@freepik.com?subject=Error%20500\">support@freepik.com</a>\n              </p>\n            </div>\n          </body>\n        </html>\n      ",
  "status": 500
}
тЭМ FAILED: kling-v2
   Error: kling-v2: Request failed with status code 500

----------------------------------------
Testing: Kling 2.1 Pro (kling-v2-1-pro)
----------------------------------------
[ERROR] API Error: Request failed with status code 404
{
  "response": {
    "message": "Task not found"
  },
  "status": 404
}
[WARNING] Task cb518927-b226-4522-b7f2-0d4ab374ed4e not found (404), retrying...
[ERROR] API Error: Request failed with status code 404
{
  "response": {
    "message": "Task not found"
  },
  "status": 404
}
[WARNING] Task cb518927-b226-4522-b7f2-0d4ab374ed4e not found (404), retrying...
[ERROR] API Error: Request failed with status code 404
{
  "response": {
    "message": "Task not found"
  },
  "status": 404
}
[WARNING] Task cb518927-b226-4522-b7f2-0d4ab374ed4e not found (404), retrying...
[ERROR] API Error: Request failed with status code 404
{
  "response": {
    "message": "Task not found"
  },
  "status": 404
}
[WARNING] Task cb518927-b226-4522-b7f2-0d4ab374ed4e not found (404), retrying...
[ERROR] API Error: Request failed with status code 404
{
  "response": {
    "message": "Task not found"
  },
  "status": 404
}
[WARNING] Task cb518927-b226-4522-b7f2-0d4ab374ed4e not found (404), retrying...
[ERROR] API Error: Request failed with status code 404
{
  "response": {
    "message": "Task not found"
  },
  "status": 404
}
[WARNING] Task cb518927-b226-4522-b7f2-0d4ab374ed4e not found (404), retrying...
[ERROR] API Error: Request failed with status code 404
{
  "response": {
    "message": "Task not found"
  },
  "status": 404
}
[WARNING] Task cb518927-b226-4522-b7f2-0d4ab374ed4e not found (404), retrying...
[ERROR] API Error: Request failed with status code 404
{
  "response": {
    "message": "Task not found"
  },
  "status": 404
}
[WARNING] Task cb518927-b226-4522-b7f2-0d4ab374ed4e not found (404), retrying...
[ERROR] API Error: Request failed with status code 404
{
  "response": {
    "message": "Task not found"
  },
  "status": 404
}
[WARNING] Task cb518927-b226-4522-b7f2-0d4ab374ed4e not found (404), retrying...
[ERROR] API Error: Request failed with status code 404
{
  "response": {
    "message": "Task not found"
  },
  "status": 404
}
[WARNING] Task cb518927-b226-4522-b7f2-0d4ab374ed4e not found (404), retrying...
[ERROR] API Error: Request failed with status code 404
{
  "response": {
    "message": "Task not found"
  },
  "status": 404
}
[WARNING] Task cb518927-b226-4522-b7f2-0d4ab374ed4e not found (404), retrying...
[ERROR] API Error: Request failed with status code 404
{
  "response": {
    "message": "Task not found"
  },
  "status": 404
}
[WARNING] Task cb518927-b226-4522-b7f2-0d4ab374ed4e not found (404), retrying...
[ERROR] API Error: Request failed with status code 404
{
  "response": {
    "message": "Task not found"
  },
  "status": 404
}
[WARNING] Task cb518927-b226-4522-b7f2-0d4ab374ed4e not found (404), retrying...
[ERROR] API Error: Request failed with status code 404
{
  "response": {
    "message": "Task not found"
  },
  "status": 404
}
[WARNING] Task cb518927-b226-4522-b7f2-0d4ab374ed4e not found (404), retrying...
[ERROR] API Error: Request failed with status code 404
{
  "response": {
    "message": "Task not found"
  },
  "status": 404
}
[WARNING] Task cb518927-b226-4522-b7f2-0d4ab374ed4e not found (404), retrying...
[ERROR] API Error: Request failed with status code 404
{
  "response": {
    "message": "Task not found"
  },
  "status": 404
}
[WARNING] Task cb518927-b226-4522-b7f2-0d4ab374ed4e not found (404), retrying...
[ERROR] API Error: Request failed with status code 404
{
  "response": {
    "message": "Task not found"
  },
  "status": 404
}
[WARNING] Task cb518927-b226-4522-b7f2-0d4ab374ed4e not found (404), retrying...
[ERROR] API Error: Request failed with status code 404
{
  "response": {
    "message": "Task not found"
  },
  "status": 404
}
[WARNING] Task cb518927-b226-4522-b7f2-0d4ab374ed4e not found (404), retrying...
[ERROR] API Error: Request failed with status code 404
{
  "response": {
    "message": "Task not found"
  },
  "status": 404
}
[WARNING] Task cb518927-b226-4522-b7f2-0d4ab374ed4e not found (404), retrying...
[ERROR] API Error: Request failed with status code 404
{
  "response": {
    "message": "Task not found"
  },
  "status": 404
}
[WARNING] Task cb518927-b226-4522-b7f2-0d4ab374ed4e not found (404), retrying...
[ERROR] API Error: Request failed with status code 404
{
  "response": {
    "message": "Task not found"
  },
  "status": 404
}
[WARNING] Task cb518927-b226-4522-b7f2-0d4ab374ed4e not found (404), retrying...
[ERROR] API Error: Request failed with status code 404
{
  "response": {
    "message": "Task not found"
  },
  "status": 404
}
[WARNING] Task cb518927-b226-4522-b7f2-0d4ab374ed4e not found (404), retrying...
[ERROR] API Error: Request failed with status code 404
{
  "response": {
    "message": "Task not found"
  },
  "status": 404
}
[WARNING] Task cb518927-b226-4522-b7f2-0d4ab374ed4e not found (404), retrying...
[ERROR] API Error: Request failed with status code 404
{
  "response": {
    "message": "Task not found"
  },
  "status": 404
}
[WARNING] Task cb518927-b226-4522-b7f2-0d4ab374ed4e not found (404), retrying...
[ERROR] API Error: Request failed with status code 404
{
  "response": {
    "message": "Task not found"
  },
  "status": 404
}
[WARNING] Task cb518927-b226-4522-b7f2-0d4ab374ed4e not found (404), retrying...
[ERROR] API Error: Request failed with status code 404
{
  "response": {
    "message": "Task not found"
  },
  "status": 404
}
[WARNING] Task cb518927-b226-4522-b7f2-0d4ab374ed4e not found (404), retrying...
[ERROR] API Error: Request failed with status code 404
{
  "response": {
    "message": "Task not found"
  },
  "status": 404
}
[WARNING] Task cb518927-b226-4522-b7f2-0d4ab374ed4e not found (404), retrying...
[ERROR] API Error: Request failed with status code 404
{
  "response": {
    "message": "Task not found"
  },
  "status": 404
}
[WARNING] Task cb518927-b226-4522-b7f2-0d4ab374ed4e not found (404), retrying...
[ERROR] API Error: Request failed with status code 404
{
  "response": {
    "message": "Task not found"
  },
  "status": 404
}
[WARNING] Task cb518927-b226-4522-b7f2-0d4ab374ed4e not found (404), retrying...
[ERROR] API Error: Request failed with status code 404
{
  "response": {
    "message": "Task not found"
  },
  "status": 404
}
[WARNING] Task cb518927-b226-4522-b7f2-0d4ab374ed4e not found (404), retrying...
[ERROR] API Error: Request failed with status code 404
{
  "response": {
    "message": "Task not found"
  },
  "status": 404
}
[WARNING] Task cb518927-b226-4522-b7f2-0d4ab374ed4e not found (404), retrying...
[ERROR] API Error: Request failed with status code 404
{
  "response": {
    "message": "Task not found"
  },
  "status": 404
}
[WARNING] Task cb518927-b226-4522-b7f2-0d4ab374ed4e not found (404), retrying...
[ERROR] API Error: Request failed with status code 404
{
  "response": {
    "message": "Task not found"
  },
  "status": 404
}
[WARNING] Task cb518927-b226-4522-b7f2-0d4ab374ed4e not found (404), retrying...
[ERROR] API Error: Request failed with status code 404
{
  "response": {
    "message": "Task not found"
  },
  "status": 404
}
[WARNING] Task cb518927-b226-4522-b7f2-0d4ab374ed4e not found (404), retrying...
[ERROR] API Error: Request failed with status code 404
{
  "response": {
    "message": "Task not found"
  },
  "status": 404
}
[WARNING] Task cb518927-b226-4522-b7f2-0d4ab374ed4e not found (404), retrying...
[ERROR] API Error: Request failed with status code 404
{
  "response": {
    "message": "Task not found"
  },
  "status": 404
}
[WARNING] Task cb518927-b226-4522-b7f2-0d4ab374ed4e not found (404), retrying...
[ERROR] API Error: Request failed with status code 404
{
  "response": {
    "message": "Task not found"
  },
  "status": 404
}
[WARNING] Task cb518927-b226-4522-b7f2-0d4ab374ed4e not found (404), retrying...
[ERROR] API Error: Request failed with status code 404
{
  "response": {
    "message": "Task not found"
  },
  "status": 404
}
[WARNING] Task cb518927-b226-4522-b7f2-0d4ab374ed4e not found (404), retrying...
[ERROR] API Error: Request failed with status code 404
{
  "response": {
    "message": "Task not found"
  },
  "status": 404
}
[WARNING] Task cb518927-b226-4522-b7f2-0d4ab374ed4e not found (404), retrying...
[ERROR] API Error: Request failed with status code 404
{
  "response": {
    "message": "Task not found"
  },
  "status": 404
}
[WARNING] Task cb518927-b226-4522-b7f2-0d4ab374ed4e not found (404), retrying...
[ERROR] API Error: Request failed with status code 404
{
  "response": {
    "message": "Task not found"
  },
  "status": 404
}
[WARNING] Task cb518927-b226-4522-b7f2-0d4ab374ed4e not found (404), retrying...
[ERROR] API Error: Request failed with status code 404
{
  "response": {
    "message": "Task not found"
  },
  "status": 404
}
[WARNING] Task cb518927-b226-4522-b7f2-0d4ab374ed4e not found (404), retrying...
[ERROR] API Error: Request failed with status code 404
{
  "response": {
    "message": "Task not found"
  },
  "status": 404
}
[WARNING] Task cb518927-b226-4522-b7f2-0d4ab374ed4e not found (404), retrying...
[ERROR] API Error: Request failed with status code 404
{
  "response": {
    "message": "Task not found"
  },
  "status": 404
}
[WARNING] Task cb518927-b226-4522-b7f2-0d4ab374ed4e not found (404), retrying...
[ERROR] API Error: Request failed with status code 404
{
  "response": {
    "message": "Task not found"
  },
  "status": 404
}
[WARNING] Task cb518927-b226-4522-b7f2-0d4ab374ed4e not found (404), retrying...
[ERROR] API Error: Request failed with status code 404
{
  "response": {
    "message": "Task not found"
  },
  "status": 404
}
[WARNING] Task cb518927-b226-4522-b7f2-0d4ab374ed4e not found (404), retrying...
[ERROR] API Error: Request failed with status code 404
{
  "response": {
    "message": "Task not found"
  },
  "status": 404
}
[WARNING] Task cb518927-b226-4522-b7f2-0d4ab374ed4e not found (404), retrying...
[ERROR] API Error: Request failed with status code 404
{
  "response": {
    "message": "Task not found"
  },
  "status": 404
}
[WARNING] Task cb518927-b226-4522-b7f2-0d4ab374ed4e not found (404), retrying...
[ERROR] API Error: Request failed with status code 404
{
  "response": {
    "message": "Task not found"
  },
  "status": 404
}
[WARNING] Task cb518927-b226-4522-b7f2-0d4ab374ed4e not found (404), retrying...
[ERROR] API Error: Request failed with status code 404
{
  "response": {
    "message": "Task not found"
  },
  "status": 404
}
[WARNING] Task cb518927-b226-4522-b7f2-0d4ab374ed4e not found (404), retrying...
[ERROR] API Error: Request failed with status code 404
{
  "response": {
    "message": "Task not found"
  },
  "status": 404
}
[WARNING] Task cb518927-b226-4522-b7f2-0d4ab374ed4e not found (404), retrying...
[ERROR] API Error: Request failed with status code 404
{
  "response": {
    "message": "Task not found"
  },
  "status": 404
}
[WARNING] Task cb518927-b226-4522-b7f2-0d4ab374ed4e not found (404), retrying...
[ERROR] API Error: Request failed with status code 404
{
  "response": {
    "message": "Task not found"
  },
  "status": 404
}
[WARNING] Task cb518927-b226-4522-b7f2-0d4ab374ed4e not found (404), retrying...
[ERROR] API Error: Request failed with status code 404
{
  "response": {
    "message": "Task not found"
  },
  "status": 404
}
[WARNING] Task cb518927-b226-4522-b7f2-0d4ab374ed4e not found (404), retrying...
[ERROR] API Error: Request failed with status code 404
{
  "response": {
    "message": "Task not found"
  },
  "status": 404
}
[WARNING] Task cb518927-b226-4522-b7f2-0d4ab374ed4e not found (404), retrying...
[ERROR] API Error: Request failed with status code 404
{
  "response": {
    "message": "Task not found"
  },
  "status": 404
}
[WARNING] Task cb518927-b226-4522-b7f2-0d4ab374ed4e not found (404), retrying...
[ERROR] API Error: Request failed with status code 404
{
  "response": {
    "message": "Task not found"
  },
  "status": 404
}
[WARNING] Task cb518927-b226-4522-b7f2-0d4ab374ed4e not found (404), retrying...
[ERROR] API Error: Request failed with status code 404
{
  "response": {
    "message": "Task not found"
  },
  "status": 404
}
[WARNING] Task cb518927-b226-4522-b7f2-0d4ab374ed4e not found (404), retrying...
[ERROR] API Error: Request failed with status code 404
{
  "response": {
    "message": "Task not found"
  },
  "status": 404
}
[WARNING] Task cb518927-b226-4522-b7f2-0d4ab374ed4e not found (404), retrying...
[ERROR] API Error: Request failed with status code 404
{
  "response": {
    "message": "Task not found"
  },
  "status": 404
}
[WARNING] Task cb518927-b226-4522-b7f2-0d4ab374ed4e not found (404), retrying...
[ERROR] API Error: Request failed with status code 404
{
  "response": {
    "message": "Task not found"
  },
  "status": 404
}
[WARNING] Task cb518927-b226-4522-b7f2-0d4ab374ed4e not found (404), retrying...
[ERROR] API Error: Request failed with status code 404
{
  "response": {
    "message": "Task not found"
  },
  "status": 404
}
[WARNING] Task cb518927-b226-4522-b7f2-0d4ab374ed4e not found (404), retrying...
[ERROR] API Error: Request failed with status code 404
{
  "response": {
    "message": "Task not found"
  },
  "status": 404
}
[WARNING] Task cb518927-b226-4522-b7f2-0d4ab374ed4e not found (404), retrying...
[ERROR] API Error: Request failed with status code 404
{
  "response": {
    "message": "Task not found"
  },
  "status": 404
}
[WARNING] Task cb518927-b226-4522-b7f2-0d4ab374ed4e not found (404), retrying...
[ERROR] API Error: Request failed with status code 404
{
  "response": {
    "message": "Task not found"
  },
  "status": 404
}
[WARNING] Task cb518927-b226-4522-b7f2-0d4ab374ed4e not found (404), retrying...
[ERROR] API Error: Request failed with status code 404
{
  "response": {
    "message": "Task not found"
  },
  "status": 404
}
[WARNING] Task cb518927-b226-4522-b7f2-0d4ab374ed4e not found (404), retrying...
[ERROR] API Error: Request failed with status code 404
{
  "response": {
    "message": "Task not found"
  },
  "status": 404
}
[WARNING] Task cb518927-b226-4522-b7f2-0d4ab374ed4e not found (404), retrying...
[ERROR] API Error: Request failed with status code 404
{
  "response": {
    "message": "Task not found"
  },
  "status": 404
}
[WARNING] Task cb518927-b226-4522-b7f2-0d4ab374ed4e not found (404), retrying...
[ERROR] API Error: Request failed with status code 404
{
  "response": {
    "message": "Task not found"
  },
  "status": 404
}
[WARNING] Task cb518927-b226-4522-b7f2-0d4ab374ed4e not found (404), retrying...
[ERROR] API Error: Request failed with status code 404
{
  "response": {
    "message": "Task not found"
  },
  "status": 404
}
[WARNING] Task cb518927-b226-4522-b7f2-0d4ab374ed4e not found (404), retrying...
[ERROR] API Error: Request failed with status code 404
{
  "response": {
    "message": "Task not found"
  },
  "status": 404
}
[WARNING] Task cb518927-b226-4522-b7f2-0d4ab374ed4e not found (404), retrying...
[ERROR] API Error: Request failed with status code 404
{
  "response": {
    "message": "Task not found"
  },
  "status": 404
}
[WARNING] Task cb518927-b226-4522-b7f2-0d4ab374ed4e not found (404), retrying...
[ERROR] API Error: Request failed with status code 404
{
  "response": {
    "message": "Task not found"
  },
  "status": 404
}
[WARNING] Task cb518927-b226-4522-b7f2-0d4ab374ed4e not found (404), retrying...
[ERROR] API Error: Request failed with status code 404
{
  "response": {
    "message": "Task not found"
  },
  "status": 404
}
[WARNING] Task cb518927-b226-4522-b7f2-0d4ab374ed4e not found (404), retrying...
[ERROR] API Error: Request failed with status code 404
{
  "response": {
    "message": "Task not found"
  },
  "status": 404
}
[WARNING] Task cb518927-b226-4522-b7f2-0d4ab374ed4e not found (404), retrying...
[ERROR] API Error: Request failed with status code 404
{
  "response": {
    "message": "Task not found"
  },
  "status": 404
}
[WARNING] Task cb518927-b226-4522-b7f2-0d4ab374ed4e not found (404), retrying...
[ERROR] API Error: Request failed with status code 404
{
  "response": {
    "message": "Task not found"
  },
  "status": 404
}
[WARNING] Task cb518927-b226-4522-b7f2-0d4ab374ed4e not found (404), retrying...
[ERROR] API Error: Request failed with status code 404
{
  "response": {
    "message": "Task not found"
  },
  "status": 404
}
[WARNING] Task cb518927-b226-4522-b7f2-0d4ab374ed4e not found (404), retrying...
[ERROR] API Error: Request failed with status code 404
{
  "response": {
    "message": "Task not found"
  },
  "status": 404
}
[WARNING] Task cb518927-b226-4522-b7f2-0d4ab374ed4e not found (404), retrying...
[ERROR] API Error: Request failed with status code 404
{
  "response": {
    "message": "Task not found"
  },
  "status": 404
}
[WARNING] Task cb518927-b226-4522-b7f2-0d4ab374ed4e not found (404), retrying...
[ERROR] API Error: Request failed with status code 404
{
  "response": {
    "message": "Task not found"
  },
  "status": 404
}
[WARNING] Task cb518927-b226-4522-b7f2-0d4ab374ed4e not found (404), retrying...
[ERROR] API Error: Request failed with status code 404
{
  "response": {
    "message": "Task not found"
  },
  "status": 404
}
[WARNING] Task cb518927-b226-4522-b7f2-0d4ab374ed4e not found (404), retrying...
[ERROR] API Error: Request failed with status code 404
{
  "response": {
    "message": "Task not found"
  },
  "status": 404
}
[WARNING] Task cb518927-b226-4522-b7f2-0d4ab374ed4e not found (404), retrying...
[ERROR] API Error: Request failed with status code 404
{
  "response": {
    "message": "Task not found"
  },
  "status": 404
}
[WARNING] Task cb518927-b226-4522-b7f2-0d4ab374ed4e not found (404), retrying...
[ERROR] API Error: Request failed with status code 404
{
  "response": {
    "message": "Task not found"
  },
  "status": 404
}
[WARNING] Task cb518927-b226-4522-b7f2-0d4ab374ed4e not found (404), retrying...
[ERROR] API Error: Request failed with status code 404
{
  "response": {
    "message": "Task not found"
  },
  "status": 404
}
[WARNING] Task cb518927-b226-4522-b7f2-0d4ab374ed4e not found (404), retrying...
[ERROR] API Error: Request failed with status code 404
{
  "response": {
    "message": "Task not found"
  },
  "status": 404
}
[WARNING] Task cb518927-b226-4522-b7f2-0d4ab374ed4e not found (404), retrying...
[ERROR] API Error: Request failed with status code 404
{
  "response": {
    "message": "Task not found"
  },
  "status": 404
}
[WARNING] Task cb518927-b226-4522-b7f2-0d4ab374ed4e not found (404), retrying...
[ERROR] API Error: Request failed with status code 404
{
  "response": {
    "message": "Task not found"
  },
  "status": 404
}
[WARNING] Task cb518927-b226-4522-b7f2-0d4ab374ed4e not found (404), retrying...
[ERROR] API Error: Request failed with status code 404
{
  "response": {
    "message": "Task not found"
  },
  "status": 404
}
[WARNING] Task cb518927-b226-4522-b7f2-0d4ab374ed4e not found (404), retrying...
[ERROR] API Error: Request failed with status code 404
{
  "response": {
    "message": "Task not found"
  },
  "status": 404
}
[WARNING] Task cb518927-b226-4522-b7f2-0d4ab374ed4e not found (404), retrying...
[ERROR] API Error: Request failed with status code 404
{
  "response": {
    "message": "Task not found"
  },
  "status": 404
}
[WARNING] Task cb518927-b226-4522-b7f2-0d4ab374ed4e not found (404), retrying...
[ERROR] API Error: Request failed with status code 404
{
  "response": {
    "message": "Task not found"
  },
  "status": 404
}
[WARNING] Task cb518927-b226-4522-b7f2-0d4ab374ed4e not found (404), retrying...
[ERROR] API Error: Request failed with status code 404
{
  "response": {
    "message": "Task not found"
  },
  "status": 404
}
[WARNING] Task cb518927-b226-4522-b7f2-0d4ab374ed4e not found (404), retrying...
[ERROR] API Error: Request failed with status code 404
{
  "response": {
    "message": "Task not found"
  },
  "status": 404
}
[WARNING] Task cb518927-b226-4522-b7f2-0d4ab374ed4e not found (404), retrying...
[ERROR] API Error: Request failed with status code 404
{
  "response": {
    "message": "Task not found"
  },
  "status": 404
}
[WARNING] Task cb518927-b226-4522-b7f2-0d4ab374ed4e not found (404), retrying...
[ERROR] API Error: Request failed with status code 404
{
  "response": {
    "message": "Task not found"
  },
  "status": 404
}
[WARNING] Task cb518927-b226-4522-b7f2-0d4ab374ed4e not found (404), retrying...
[ERROR] API Error: Request failed with status code 404
{
  "response": {
    "message": "Task not found"
  },
  "status": 404
}
[WARNING] Task cb518927-b226-4522-b7f2-0d4ab374ed4e not found (404), retrying...
[ERROR] API Error: Request failed with status code 404
{
  "response": {
    "message": "Task not found"
  },
  "status": 404
}
[WARNING] Task cb518927-b226-4522-b7f2-0d4ab374ed4e not found (404), retrying...
[ERROR] API Error: Request failed with status code 404
{
  "response": {
    "message": "Task not found"
  },
  "status": 404
}
[WARNING] Task cb518927-b226-4522-b7f2-0d4ab374ed4e not found (404), retrying...
[ERROR] API Error: Request failed with status code 404
{
  "response": {
    "message": "Task not found"
  },
  "status": 404
}
[WARNING] Task cb518927-b226-4522-b7f2-0d4ab374ed4e not found (404), retrying...
[ERROR] API Error: Request failed with status code 404
{
  "response": {
    "message": "Task not found"
  },
  "status": 404
}
[WARNING] Task cb518927-b226-4522-b7f2-0d4ab374ed4e not found (404), retrying...
[ERROR] API Error: Request failed with status code 404
{
  "response": {
    "message": "Task not found"
  },
  "status": 404
}
[WARNING] Task cb518927-b226-4522-b7f2-0d4ab374ed4e not found (404), retrying...
[ERROR] API Error: Request failed with status code 404
{
  "response": {
    "message": "Task not found"
  },
  "status": 404
}
[WARNING] Task cb518927-b226-4522-b7f2-0d4ab374ed4e not found (404), retrying...
[ERROR] API Error: Request failed with status code 404
{
  "response": {
    "message": "Task not found"
  },
  "status": 404
}
[WARNING] Task cb518927-b226-4522-b7f2-0d4ab374ed4e not found (404), retrying...
[ERROR] API Error: Request failed with status code 404
{
  "response": {
    "message": "Task not found"
  },
  "status": 404
}
[WARNING] Task cb518927-b226-4522-b7f2-0d4ab374ed4e not found (404), retrying...
[ERROR] API Error: Request failed with status code 404
{
  "response": {
    "message": "Task not found"
  },
  "status": 404
}
[WARNING] Task cb518927-b226-4522-b7f2-0d4ab374ed4e not found (404), retrying...
[ERROR] API Error: Request failed with status code 404
{
  "response": {
    "message": "Task not found"
  },
  "status": 404
}
[WARNING] Task cb518927-b226-4522-b7f2-0d4ab374ed4e not found (404), retrying...
[ERROR] API Error: Request failed with status code 404
{
  "response": {
    "message": "Task not found"
  },
  "status": 404
}
[WARNING] Task cb518927-b226-4522-b7f2-0d4ab374ed4e not found (404), retrying...
[ERROR] API Error: Request failed with status code 404
{
  "response": {
    "message": "Task not found"
  },
  "status": 404
}
[WARNING] Task cb518927-b226-4522-b7f2-0d4ab374ed4e not found (404), retrying...
[ERROR] API Error: Request failed with status code 404
{
  "response": {
    "message": "Task not found"
  },
  "status": 404
}
[WARNING] Task cb518927-b226-4522-b7f2-0d4ab374ed4e not found (404), retrying...
[ERROR] API Error: Request failed with status code 404
{
  "response": {
    "message": "Task not found"
  },
  "status": 404
}
[WARNING] Task cb518927-b226-4522-b7f2-0d4ab374ed4e not found (404), retrying...
[ERROR] API Error: Request failed with status code 404
{
  "response": {
    "message": "Task not found"
  },
  "status": 404
}
[WARNING] Task cb518927-b226-4522-b7f2-0d4ab374ed4e not found (404), retrying...
[ERROR] API Error: Request failed with status code 404
{
  "response": {
    "message": "Task not found"
  },
  "status": 404
}
[WARNING] Task cb518927-b226-4522-b7f2-0d4ab374ed4e not found (404), retrying...
[ERROR] API Error: Request failed with status code 404
{
  "response": {
    "message": "Task not found"
  },
  "status": 404
}
[WARNING] Task cb518927-b226-4522-b7f2-0d4ab374ed4e not found (404), retrying...
[ERROR] API Error: Request failed with status code 404
{
  "response": {
    "message": "Task not found"
  },
  "status": 404
}
[WARNING] Task cb518927-b226-4522-b7f2-0d4ab374ed4e not found (404), retrying...
[ERROR] API Error: Request failed with status code 404
{
  "response": {
    "message": "Task not found"
  },
  "status": 404
}
[WARNING] Task cb518927-b226-4522-b7f2-0d4ab374ed4e not found (404), retrying...
[ERROR] API Error: Request failed with status code 404
{
  "response": {
    "message": "Task not found"
  },
  "status": 404
}
[WARNING] Task cb518927-b226-4522-b7f2-0d4ab374ed4e not found (404), retrying...
[ERROR] API Error: Request failed with status code 404
{
  "response": {
    "message": "Task not found"
  },
  "status": 404
}
[WARNING] Task cb518927-b226-4522-b7f2-0d4ab374ed4e not found (404), retrying...
[ERROR] API Error: Request failed with status code 404
{
  "response": {
    "message": "Task not found"
  },
  "status": 404
}
[WARNING] Task cb518927-b226-4522-b7f2-0d4ab374ed4e not found (404), retrying...
[ERROR] API Error: Request failed with status code 404
{
  "response": {
    "message": "Task not found"
  },
  "status": 404
}
[WARNING] Task cb518927-b226-4522-b7f2-0d4ab374ed4e not found (404), retrying...
[ERROR] API Error: Request failed with status code 404
{
  "response": {
    "message": "Task not found"
  },
  "status": 404
}
[WARNING] Task cb518927-b226-4522-b7f2-0d4ab374ed4e not found (404), retrying...
[ERROR] API Error: Request failed with status code 404
{
  "response": {
    "message": "Task not found"
  },
  "status": 404
}
[WARNING] Task cb518927-b226-4522-b7f2-0d4ab374ed4e not found (404), retrying...
[ERROR] API Error: Request failed with status code 404
{
  "response": {
    "message": "Task not found"
  },
  "status": 404
}
[WARNING] Task cb518927-b226-4522-b7f2-0d4ab374ed4e not found (404), retrying...
[ERROR] API Error: Request failed with status code 404
{
  "response": {
    "message": "Task not found"
  },
  "status": 404
}
[WARNING] Task cb518927-b226-4522-b7f2-0d4ab374ed4e not found (404), retrying...
[ERROR] API Error: Request failed with status code 404
{
  "response": {
    "message": "Task not found"
  },
  "status": 404
}
[WARNING] Task cb518927-b226-4522-b7f2-0d4ab374ed4e not found (404), retrying...
[ERROR] API Error: Request failed with status code 404
{
  "response": {
    "message": "Task not found"
  },
  "status": 404
}
[WARNING] Task cb518927-b226-4522-b7f2-0d4ab374ed4e not found (404), retrying...
[ERROR] API Error: Request failed with status code 404
{
  "response": {
    "message": "Task not found"
  },
  "status": 404
}
[WARNING] Task cb518927-b226-4522-b7f2-0d4ab374ed4e not found (404), retrying...
[ERROR] API Error: Request failed with status code 404
{
  "response": {
    "message": "Task not found"
  },
  "status": 404
}
[WARNING] Task cb518927-b226-4522-b7f2-0d4ab374ed4e not found (404), retrying...
[ERROR] API Error: Request failed with status code 404
{
  "response": {
    "message": "Task not found"
  },
  "status": 404
}
[WARNING] Task cb518927-b226-4522-b7f2-0d4ab374ed4e not found (404), retrying...
[ERROR] API Error: Request failed with status code 404
{
  "response": {
    "message": "Task not found"
  },
  "status": 404
}
[WARNING] Task cb518927-b226-4522-b7f2-0d4ab374ed4e not found (404), retrying...
[ERROR] API Error: Request failed with status code 404
{
  "response": {
    "message": "Task not found"
  },
  "status": 404
}
[WARNING] Task cb518927-b226-4522-b7f2-0d4ab374ed4e not found (404), retrying...
[ERROR] API Error: Request failed with status code 404
{
  "response": {
    "message": "Task not found"
  },
  "status": 404
}
[WARNING] Task cb518927-b226-4522-b7f2-0d4ab374ed4e not found (404), retrying...
[ERROR] API Error: Request failed with status code 404
{
  "response": {
    "message": "Task not found"
  },
  "status": 404
}
[WARNING] Task cb518927-b226-4522-b7f2-0d4ab374ed4e not found (404), retrying...
[ERROR] API Error: Request failed with status code 404
{
  "response": {
    "message": "Task not found"
  },
  "status": 404
}
[WARNING] Task cb518927-b226-4522-b7f2-0d4ab374ed4e not found (404), retrying...
[ERROR] API Error: Request failed with status code 404
{
  "response": {
    "message": "Task not found"
  },
  "status": 404
}
[WARNING] Task cb518927-b226-4522-b7f2-0d4ab374ed4e not found (404), retrying...
[ERROR] API Error: Request failed with status code 404
{
  "response": {
    "message": "Task not found"
  },
  "status": 404
}
[WARNING] Task cb518927-b226-4522-b7f2-0d4ab374ed4e not found (404), retrying...
[ERROR] API Error: Request failed with status code 404
{
  "response": {
    "message": "Task not found"
  },
  "status": 404
}
[WARNING] Task cb518927-b226-4522-b7f2-0d4ab374ed4e not found (404), retrying...
[ERROR] API Error: Request failed with status code 404
{
  "response": {
    "message": "Task not found"
  },
  "status": 404
}
[WARNING] Task cb518927-b226-4522-b7f2-0d4ab374ed4e not found (404), retrying...
[ERROR] API Error: Request failed with status code 404
{
  "response": {
    "message": "Task not found"
  },
  "status": 404
}
[WARNING] Task cb518927-b226-4522-b7f2-0d4ab374ed4e not found (404), retrying...
[ERROR] API Error: Request failed with status code 404
{
  "response": {
    "message": "Task not found"
  },
  "status": 404
}
[WARNING] Task cb518927-b226-4522-b7f2-0d4ab374ed4e not found (404), retrying...
[ERROR] API Error: Request failed with status code 404
{
  "response": {
    "message": "Task not found"
  },
  "status": 404
}
[WARNING] Task cb518927-b226-4522-b7f2-0d4ab374ed4e not found (404), retrying...
[ERROR] API Error: Request failed with status code 404
{
  "response": {
    "message": "Task not found"
  },
  "status": 404
}
[WARNING] Task cb518927-b226-4522-b7f2-0d4ab374ed4e not found (404), retrying...
[ERROR] API Error: Request failed with status code 404
{
  "response": {
    "message": "Task not found"
  },
  "status": 404
}
[WARNING] Task cb518927-b226-4522-b7f2-0d4ab374ed4e not found (404), retrying...
[ERROR] API Error: Request failed with status code 404
{
  "response": {
    "message": "Task not found"
  },
  "status": 404
}
[WARNING] Task cb518927-b226-4522-b7f2-0d4ab374ed4e not found (404), retrying...
[ERROR] API Error: Request failed with status code 404
{
  "response": {
    "message": "Task not found"
  },
  "status": 404
}
[WARNING] Task cb518927-b226-4522-b7f2-0d4ab374ed4e not found (404), retrying...
[ERROR] API Error: Request failed with status code 404
{
  "response": {
    "message": "Task not found"
  },
  "status": 404
}
[WARNING] Task cb518927-b226-4522-b7f2-0d4ab374ed4e not found (404), retrying...
[ERROR] API Error: Request failed with status code 404
{
  "response": {
    "message": "Task not found"
  },
  "status": 404
}
[WARNING] Task cb518927-b226-4522-b7f2-0d4ab374ed4e not found (404), retrying...
[ERROR] API Error: Request failed with status code 404
{
  "response": {
    "message": "Task not found"
  },
  "status": 404
}
[WARNING] Task cb518927-b226-4522-b7f2-0d4ab374ed4e not found (404), retrying...
[ERROR] API Error: Request failed with status code 404
{
  "response": {
    "message": "Task not found"
  },
  "status": 404
}
[WARNING] Task cb518927-b226-4522-b7f2-0d4ab374ed4e not found (404), retrying...
[ERROR] API Error: Request failed with status code 404
{
  "response": {
    "message": "Task not found"
  },
  "status": 404
}
[WARNING] Task cb518927-b226-4522-b7f2-0d4ab374ed4e not found (404), retrying...
[ERROR] API Error: Request failed with status code 404
{
  "response": {
    "message": "Task not found"
  },
  "status": 404
}
[WARNING] Task cb518927-b226-4522-b7f2-0d4ab374ed4e not found (404), retrying...
[ERROR] API Error: Request failed with status code 404
{
  "response": {
    "message": "Task not found"
  },
  "status": 404
}
[WARNING] Task cb518927-b226-4522-b7f2-0d4ab374ed4e not found (404), retrying...
[ERROR] API Error: Request failed with status code 404
{
  "response": {
    "message": "Task not found"
  },
  "status": 404
}
[WARNING] Task cb518927-b226-4522-b7f2-0d4ab374ed4e not found (404), retrying...
[ERROR] API Error: Request failed with status code 404
{
  "response": {
    "message": "Task not found"
  },
  "status": 404
}
[WARNING] Task cb518927-b226-4522-b7f2-0d4ab374ed4e not found (404), retrying...
[ERROR] API Error: Request failed with status code 404
{
  "response": {
    "message": "Task not found"
  },
  "status": 404
}
[WARNING] Task cb518927-b226-4522-b7f2-0d4ab374ed4e not found (404), retrying...
[ERROR] API Error: Request failed with status code 404
{
  "response": {
    "message": "Task not found"
  },
  "status": 404
}
[WARNING] Task cb518927-b226-4522-b7f2-0d4ab374ed4e not found (404), retrying...
[ERROR] API Error: Request failed with status code 404
{
  "response": {
    "message": "Task not found"
  },
  "status": 404
}
[WARNING] Task cb518927-b226-4522-b7f2-0d4ab374ed4e not found (404), retrying...
[ERROR] API Error: Request failed with status code 404
{
  "response": {
    "message": "Task not found"
  },
  "status": 404
}
[WARNING] Task cb518927-b226-4522-b7f2-0d4ab374ed4e not found (404), retrying...
[ERROR] API Error: Request failed with status code 404
{
  "response": {
    "message": "Task not found"
  },
  "status": 404
}
[WARNING] Task cb518927-b226-4522-b7f2-0d4ab374ed4e not found (404), retrying...
[ERROR] API Error: Request failed with status code 404
{
  "response": {
    "message": "Task not found"
  },
  "status": 404
}
[WARNING] Task cb518927-b226-4522-b7f2-0d4ab374ed4e not found (404), retrying...
[ERROR] API Error: Request failed with status code 404
{
  "response": {
    "message": "Task not found"
  },
  "status": 404
}
[WARNING] Task cb518927-b226-4522-b7f2-0d4ab374ed4e not found (404), retrying...
[ERROR] API Error: Request failed with status code 404
{
  "response": {
    "message": "Task not found"
  },
  "status": 404
}
[WARNING] Task cb518927-b226-4522-b7f2-0d4ab374ed4e not found (404), retrying...
[ERROR] API Error: Request failed with status code 404
{
  "response": {
    "message": "Task not found"
  },
  "status": 404
}
[WARNING] Task cb518927-b226-4522-b7f2-0d4ab374ed4e not found (404), retrying...
[ERROR] API Error: Request failed with status code 404
{
  "response": {
    "message": "Task not found"
  },
  "status": 404
}
[WARNING] Task cb518927-b226-4522-b7f2-0d4ab374ed4e not found (404), retrying...
[ERROR] API Error: Request failed with status code 404
{
  "response": {
    "message": "Task not found"
  },
  "status": 404
}
[WARNING] Task cb518927-b226-4522-b7f2-0d4ab374ed4e not found (404), retrying...
[ERROR] API Error: Request failed with status code 404
{
  "response": {
    "message": "Task not found"
  },
  "status": 404
}
[WARNING] Task cb518927-b226-4522-b7f2-0d4ab374ed4e not found (404), retrying...
[ERROR] API Error: Request failed with status code 404
{
  "response": {
    "message": "Task not found"
  },
  "status": 404
}
[WARNING] Task cb518927-b226-4522-b7f2-0d4ab374ed4e not found (404), retrying...
[ERROR] API Error: Request failed with status code 404
{
  "response": {
    "message": "Task not found"
  },
  "status": 404
}
[WARNING] Task cb518927-b226-4522-b7f2-0d4ab374ed4e not found (404), retrying...
[ERROR] API Error: Request failed with status code 404
{
  "response": {
    "message": "Task not found"
  },
  "status": 404
}
[WARNING] Task cb518927-b226-4522-b7f2-0d4ab374ed4e not found (404), retrying...
[ERROR] API Error: Request failed with status code 404
{
  "response": {
    "message": "Task not found"
  },
  "status": 404
}
[WARNING] Task cb518927-b226-4522-b7f2-0d4ab374ed4e not found (404), retrying...
[ERROR] API Error: Request failed with status code 404
{
  "response": {
    "message": "Task not found"
  },
  "status": 404
}
[WARNING] Task cb518927-b226-4522-b7f2-0d4ab374ed4e not found (404), retrying...
[ERROR] API Error: Request failed with status code 404
{
  "response": {
    "message": "Task not found"
  },
  "status": 404
}
[WARNING] Task cb518927-b226-4522-b7f2-0d4ab374ed4e not found (404), retrying...
[ERROR] API Error: Request failed with status code 404
{
  "response": {
    "message": "Task not found"
  },
  "status": 404
}
[WARNING] Task cb518927-b226-4522-b7f2-0d4ab374ed4e not found (404), retrying...
[ERROR] API Error: Request failed with status code 404
{
  "response": {
    "message": "Task not found"
  },
  "status": 404
}
[WARNING] Task cb518927-b226-4522-b7f2-0d4ab374ed4e not found (404), retrying...
[ERROR] API Error: Request failed with status code 404
{
  "response": {
    "message": "Task not found"
  },
  "status": 404
}
[WARNING] Task cb518927-b226-4522-b7f2-0d4ab374ed4e not found (404), retrying...
[ERROR] API Error: Request failed with status code 404
{
  "response": {
    "message": "Task not found"
  },
  "status": 404
}
[WARNING] Task cb518927-b226-4522-b7f2-0d4ab374ed4e not found (404), retrying...
[ERROR] API Error: Request failed with status code 404
{
  "response": {
    "message": "Task not found"
  },
  "status": 404
}
[WARNING] Task cb518927-b226-4522-b7f2-0d4ab374ed4e not found (404), retrying...
[ERROR] API Error: Request failed with status code 404
{
  "response": {
    "message": "Task not found"
  },
  "status": 404
}
[WARNING] Task cb518927-b226-4522-b7f2-0d4ab374ed4e not found (404), retrying...
[ERROR] API Error: Request failed with status code 404
{
  "response": {
    "message": "Task not found"
  },
  "status": 404
}
[WARNING] Task cb518927-b226-4522-b7f2-0d4ab374ed4e not found (404), retrying...
[ERROR] API Error: Request failed with status code 404
{
  "response": {
    "message": "Task not found"
  },
  "status": 404
}
[WARNING] Task cb518927-b226-4522-b7f2-0d4ab374ed4e not found (404), retrying...
[ERROR] API Error: Request failed with status code 404
{
  "response": {
    "message": "Task not found"
  },
  "status": 404
}
[WARNING] Task cb518927-b226-4522-b7f2-0d4ab374ed4e not found (404), retrying...
[ERROR] API Error: Request failed with status code 404
{
  "response": {
    "message": "Task not found"
  },
  "status": 404
}
[WARNING] Task cb518927-b226-4522-b7f2-0d4ab374ed4e not found (404), retrying...
[ERROR] API Error: Request failed with status code 404
{
  "response": {
    "message": "Task not found"
  },
  "status": 404
}
[WARNING] Task cb518927-b226-4522-b7f2-0d4ab374ed4e not found (404), retrying...
[ERROR] API Error: Request failed with status code 404
{
  "response": {
    "message": "Task not found"
  },
  "status": 404
}
[WARNING] Task cb518927-b226-4522-b7f2-0d4ab374ed4e not found (404), retrying...
[ERROR] API Error: Request failed with status code 404
{
  "response": {
    "message": "Task not found"
  },
  "status": 404
}
[WARNING] Task cb518927-b226-4522-b7f2-0d4ab374ed4e not found (404), retrying...
[ERROR] API Error: Request failed with status code 404
{
  "response": {
    "message": "Task not found"
  },
  "status": 404
}
[WARNING] Task cb518927-b226-4522-b7f2-0d4ab374ed4e not found (404), retrying...
[ERROR] API Error: Request failed with status code 404
{
  "response": {
    "message": "Task not found"
  },
  "status": 404
}
[WARNING] Task cb518927-b226-4522-b7f2-0d4ab374ed4e not found (404), retrying...
[ERROR] API Error: Request failed with status code 404
{
  "response": {
    "message": "Task not found"
  },
  "status": 404
}
[WARNING] Task cb518927-b226-4522-b7f2-0d4ab374ed4e not found (404), retrying...
[ERROR] API Error: Request failed with status code 404
{
  "response": {
    "message": "Task not found"
  },
  "status": 404
}
[WARNING] Task cb518927-b226-4522-b7f2-0d4ab374ed4e not found (404), retrying...
[ERROR] API Error: Request failed with status code 404
{
  "response": {
    "message": "Task not found"
  },
  "status": 404
}
[WARNING] Task cb518927-b226-4522-b7f2-0d4ab374ed4e not found (404), retrying...
[ERROR] API Error: Request failed with status code 404
{
  "response": {
    "message": "Task not found"
  },
  "status": 404
}
[WARNING] Task cb518927-b226-4522-b7f2-0d4ab374ed4e not found (404), retrying...
[ERROR] API Error: Request failed with status code 404
{
  "response": {
    "message": "Task not found"
  },
  "status": 404
}
[WARNING] Task cb518927-b226-4522-b7f2-0d4ab374ed4e not found (404), retrying...
[ERROR] API Error: Request failed with status code 404
{
  "response": {
    "message": "Task not found"
  },
  "status": 404
}
[WARNING] Task cb518927-b226-4522-b7f2-0d4ab374ed4e not found (404), retrying...
[ERROR] API Error: Request failed with status code 404
{
  "response": {
    "message": "Task not found"
  },
  "status": 404
}
[WARNING] Task cb518927-b226-4522-b7f2-0d4ab374ed4e not found (404), retrying...
[ERROR] API Error: Request failed with status code 404
{
  "response": {
    "message": "Task not found"
  },
  "status": 404
}
[WARNING] Task cb518927-b226-4522-b7f2-0d4ab374ed4e not found (404), retrying...
[ERROR] API Error: Request failed with status code 404
{
  "response": {
    "message": "Task not found"
  },
  "status": 404
}
[WARNING] Task cb518927-b226-4522-b7f2-0d4ab374ed4e not found (404), retrying...
[ERROR] API Error: Request failed with status code 404
{
  "response": {
    "message": "Task not found"
  },
  "status": 404
}
[WARNING] Task cb518927-b226-4522-b7f2-0d4ab374ed4e not found (404), retrying...
[ERROR] API Error: Request failed with status code 404
{
  "response": {
    "message": "Task not found"
  },
  "status": 404
}
[WARNING] Task cb518927-b226-4522-b7f2-0d4ab374ed4e not found (404), retrying...
[ERROR] API Error: Request failed with status code 404
{
  "response": {
    "message": "Task not found"
  },
  "status": 404
}
[WARNING] Task cb518927-b226-4522-b7f2-0d4ab374ed4e not found (404), retrying...
[ERROR] API Error: Request failed with status code 404
{
  "response": {
    "message": "Task not found"
  },
  "status": 404
}
[WARNING] Task cb518927-b226-4522-b7f2-0d4ab374ed4e not found (404), retrying...
[ERROR] API Error: Request failed with status code 404
{
  "response": {
    "message": "Task not found"
  },
  "status": 404
}
[WARNING] Task cb518927-b226-4522-b7f2-0d4ab374ed4e not found (404), retrying...
[ERROR] API Error: Request failed with status code 404
{
  "response": {
    "message": "Task not found"
  },
  "status": 404
}
[WARNING] Task cb518927-b226-4522-b7f2-0d4ab374ed4e not found (404), retrying...
[ERROR] API Error: Request failed with status code 404
{
  "response": {
    "message": "Task not found"
  },
  "status": 404
}
[WARNING] Task cb518927-b226-4522-b7f2-0d4ab374ed4e not found (404), retrying...
[ERROR] API Error: Request failed with status code 404
{
  "response": {
    "message": "Task not found"
  },
  "status": 404
}
[WARNING] Task cb518927-b226-4522-b7f2-0d4ab374ed4e not found (404), retrying...
[ERROR] API Error: Request failed with status code 404
{
  "response": {
    "message": "Task not found"
  },
  "status": 404
}
[WARNING] Task cb518927-b226-4522-b7f2-0d4ab374ed4e not found (404), retrying...
[ERROR] API Error: Request failed with status code 404
{
  "response": {
    "message": "Task not found"
  },
  "status": 404
}
[WARNING] Task cb518927-b226-4522-b7f2-0d4ab374ed4e not found (404), retrying...
[ERROR] API Error: Request failed with status code 404
{
  "response": {
    "message": "Task not found"
  },
  "status": 404
}
[WARNING] Task cb518927-b226-4522-b7f2-0d4ab374ed4e not found (404), retrying...
[ERROR] API Error: Request failed with status code 404
{
  "response": {
    "message": "Task not found"
  },
  "status": 404
}
[WARNING] Task cb518927-b226-4522-b7f2-0d4ab374ed4e not found (404), retrying...
[ERROR] API Error: Request failed with status code 404
{
  "response": {
    "message": "Task not found"
  },
  "status": 404
}
[WARNING] Task cb518927-b226-4522-b7f2-0d4ab374ed4e not found (404), retrying...
[ERROR] API Error: Request failed with status code 404
{
  "response": {
    "message": "Task not found"
  },
  "status": 404
}
[WARNING] Task cb518927-b226-4522-b7f2-0d4ab374ed4e not found (404), retrying...
[ERROR] API Error: Request failed with status code 404
{
  "response": {
    "message": "Task not found"
  },
  "status": 404
}
[WARNING] Task cb518927-b226-4522-b7f2-0d4ab374ed4e not found (404), retrying...
[ERROR] API Error: Request failed with status code 404
{
  "response": {
    "message": "Task not found"
  },
  "status": 404
}
[WARNING] Task cb518927-b226-4522-b7f2-0d4ab374ed4e not found (404), retrying...
[ERROR] API Error: Request failed with status code 404
{
  "response": {
    "message": "Task not found"
  },
  "status": 404
}
[WARNING] Task cb518927-b226-4522-b7f2-0d4ab374ed4e not found (404), retrying...
[ERROR] API Error: Request failed with status code 404
{
  "response": {
    "message": "Task not found"
  },
  "status": 404
}
[WARNING] Task cb518927-b226-4522-b7f2-0d4ab374ed4e not found (404), retrying...
[ERROR] API Error: Request failed with status code 404
{
  "response": {
    "message": "Task not found"
  },
  "status": 404
}
[WARNING] Task cb518927-b226-4522-b7f2-0d4ab374ed4e not found (404), retrying...
[ERROR] API Error: Request failed with status code 404
{
  "response": {
    "message": "Task not found"
  },
  "status": 404
}
[WARNING] Task cb518927-b226-4522-b7f2-0d4ab374ed4e not found (404), retrying...
[ERROR] API Error: Request failed with status code 404
{
  "response": {
    "message": "Task not found"
  },
  "status": 404
}
[WARNING] Task cb518927-b226-4522-b7f2-0d4ab374ed4e not found (404), retrying...
[ERROR] API Error: Request failed with status code 404
{
  "response": {
    "message": "Task not found"
  },
  "status": 404
}
[WARNING] Task cb518927-b226-4522-b7f2-0d4ab374ed4e not found (404), retrying...
[ERROR] API Error: Request failed with status code 404
{
  "response": {
    "message": "Task not found"
  },
  "status": 404
}
[WARNING] Task cb518927-b226-4522-b7f2-0d4ab374ed4e not found (404), retrying...
[ERROR] API Error: Request failed with status code 404
{
  "response": {
    "message": "Task not found"
  },
  "status": 404
}
[WARNING] Task cb518927-b226-4522-b7f2-0d4ab374ed4e not found (404), retrying...
[ERROR] API Error: Request failed with status code 404
{
  "response": {
    "message": "Task not found"
  },
  "status": 404
}
[WARNING] Task cb518927-b226-4522-b7f2-0d4ab374ed4e not found (404), retrying...
[ERROR] API Error: Request failed with status code 404
{
  "response": {
    "message": "Task not found"
  },
  "status": 404
}
[WARNING] Task cb518927-b226-4522-b7f2-0d4ab374ed4e not found (404), retrying...
[ERROR] API Error: Request failed with status code 404
{
  "response": {
    "message": "Task not found"
  },
  "status": 404
}
[WARNING] Task cb518927-b226-4522-b7f2-0d4ab374ed4e not found (404), retrying...
[ERROR] API Error: Request failed with status code 404
{
  "response": {
    "message": "Task not found"
  },
  "status": 404
}
[WARNING] Task cb518927-b226-4522-b7f2-0d4ab374ed4e not found (404), retrying...
[ERROR] API Error: Request failed with status code 404
{
  "response": {
    "message": "Task not found"
  },
  "status": 404
}
[WARNING] Task cb518927-b226-4522-b7f2-0d4ab374ed4e not found (404), retrying...
[ERROR] API Error: Request failed with status code 404
{
  "response": {
    "message": "Task not found"
  },
  "status": 404
}
[WARNING] Task cb518927-b226-4522-b7f2-0d4ab374ed4e not found (404), retrying...
[ERROR] API Error: Request failed with status code 404
{
  "response": {
    "message": "Task not found"
  },
  "status": 404
}
[WARNING] Task cb518927-b226-4522-b7f2-0d4ab374ed4e not found (404), retrying...
[ERROR] API Error: Request failed with status code 404
{
  "response": {
    "message": "Task not found"
  },
  "status": 404
}
[WARNING] Task cb518927-b226-4522-b7f2-0d4ab374ed4e not found (404), retrying...
[ERROR] API Error: Request failed with status code 404
{
  "response": {
    "message": "Task not found"
  },
  "status": 404
}
[WARNING] Task cb518927-b226-4522-b7f2-0d4ab374ed4e not found (404), retrying...
[ERROR] API Error: Request failed with status code 404
{
  "response": {
    "message": "Task not found"
  },
  "status": 404
}
[WARNING] Task cb518927-b226-4522-b7f2-0d4ab374ed4e not found (404), retrying...
[ERROR] API Error: Request failed with status code 404
{
  "response": {
    "message": "Task not found"
  },
  "status": 404
}
[WARNING] Task cb518927-b226-4522-b7f2-0d4ab374ed4e not found (404), retrying...
[ERROR] API Error: Request failed with status code 404
{
  "response": {
    "message": "Task not found"
  },
  "status": 404
}
[WARNING] Task cb518927-b226-4522-b7f2-0d4ab374ed4e not found (404), retrying...
[ERROR] API Error: Request failed with status code 404
{
  "response": {
    "message": "Task not found"
  },
  "status": 404
}
[WARNING] Task cb518927-b226-4522-b7f2-0d4ab374ed4e not found (404), retrying...
[ERROR] API Error: Request failed with status code 404
{
  "response": {
    "message": "Task not found"
  },
  "status": 404
}
[WARNING] Task cb518927-b226-4522-b7f2-0d4ab374ed4e not found (404), retrying...
[ERROR] API Error: Request failed with status code 404
{
  "response": {
    "message": "Task not found"
  },
  "status": 404
}
[WARNING] Task cb518927-b226-4522-b7f2-0d4ab374ed4e not found (404), retrying...
[ERROR] API Error: Request failed with status code 404
{
  "response": {
    "message": "Task not found"
  },
  "status": 404
}
[WARNING] Task cb518927-b226-4522-b7f2-0d4ab374ed4e not found (404), retrying...
[ERROR] API Error: Request failed with status code 404
{
  "response": {
    "message": "Task not found"
  },
  "status": 404
}
[WARNING] Task cb518927-b226-4522-b7f2-0d4ab374ed4e not found (404), retrying...
[ERROR] API Error: Request failed with status code 404
{
  "response": {
    "message": "Task not found"
  },
  "status": 404
}
[WARNING] Task cb518927-b226-4522-b7f2-0d4ab374ed4e not found (404), retrying...
[ERROR] API Error: Request failed with status code 404
{
  "response": {
    "message": "Task not found"
  },
  "status": 404
}
[WARNING] Task cb518927-b226-4522-b7f2-0d4ab374ed4e not found (404), retrying...
[ERROR] API Error: Request failed with status code 404
{
  "response": {
    "message": "Task not found"
  },
  "status": 404
}
[WARNING] Task cb518927-b226-4522-b7f2-0d4ab374ed4e not found (404), retrying...
[ERROR] API Error: Request failed with status code 404
{
  "response": {
    "message": "Task not found"
  },
  "status": 404
}
[WARNING] Task cb518927-b226-4522-b7f2-0d4ab374ed4e not found (404), retrying...
[ERROR] API Error: Request failed with status code 404
{
  "response": {
    "message": "Task not found"
  },
  "status": 404
}
[WARNING] Task cb518927-b226-4522-b7f2-0d4ab374ed4e not found (404), retrying...
[ERROR] API Error: Request failed with status code 404
{
  "response": {
    "message": "Task not found"
  },
  "status": 404
}
[WARNING] Task cb518927-b226-4522-b7f2-0d4ab374ed4e not found (404), retrying...
[ERROR] API Error: Request failed with status code 404
{
  "response": {
    "message": "Task not found"
  },
  "status": 404
}
[WARNING] Task cb518927-b226-4522-b7f2-0d4ab374ed4e not found (404), retrying...
[ERROR] API Error: Request failed with status code 404
{
  "response": {
    "message": "Task not found"
  },
  "status": 404
}
[WARNING] Task cb518927-b226-4522-b7f2-0d4ab374ed4e not found (404), retrying...
[ERROR] API Error: Request failed with status code 404
{
  "response": {
    "message": "Task not found"
  },
  "status": 404
}
[WARNING] Task cb518927-b226-4522-b7f2-0d4ab374ed4e not found (404), retrying...
[ERROR] API Error: Request failed with status code 404
{
  "response": {
    "message": "Task not found"
  },
  "status": 404
}
[WARNING] Task cb518927-b226-4522-b7f2-0d4ab374ed4e not found (404), retrying...
[ERROR] API Error: Request failed with status code 404
{
  "response": {
    "message": "Task not found"
  },
  "status": 404
}
[WARNING] Task cb518927-b226-4522-b7f2-0d4ab374ed4e not found (404), retrying...
[ERROR] API Error: Request failed with status code 404
{
  "response": {
    "message": "Task not found"
  },
  "status": 404
}
[WARNING] Task cb518927-b226-4522-b7f2-0d4ab374ed4e not found (404), retrying...
[ERROR] API Error: Request failed with status code 404
{
  "response": {
    "message": "Task not found"
  },
  "status": 404
}
[WARNING] Task cb518927-b226-4522-b7f2-0d4ab374ed4e not found (404), retrying...
[ERROR] API Error: Request failed with status code 404
{
  "response": {
    "message": "Task not found"
  },
  "status": 404
}
[WARNING] Task cb518927-b226-4522-b7f2-0d4ab374ed4e not found (404), retrying...
[ERROR] API Error: Request failed with status code 404
{
  "response": {
    "message": "Task not found"
  },
  "status": 404
}
[WARNING] Task cb518927-b226-4522-b7f2-0d4ab374ed4e not found (404), retrying...
[ERROR] API Error: Request failed with status code 404
{
  "response": {
    "message": "Task not found"
  },
  "status": 404
}
[WARNING] Task cb518927-b226-4522-b7f2-0d4ab374ed4e not found (404), retrying...
[ERROR] API Error: Request failed with status code 404
{
  "response": {
    "message": "Task not found"
  },
  "status": 404
}
[WARNING] Task cb518927-b226-4522-b7f2-0d4ab374ed4e not found (404), retrying...
[ERROR] API Error: Request failed with status code 404
{
  "response": {
    "message": "Task not found"
  },
  "status": 404
}
[WARNING] Task cb518927-b226-4522-b7f2-0d4ab374ed4e not found (404), retrying...
[ERROR] API Error: Request failed with status code 404
{
  "response": {
    "message": "Task not found"
  },
  "status": 404
}
[WARNING] Task cb518927-b226-4522-b7f2-0d4ab374ed4e not found (404), retrying...
[ERROR] API Error: Request failed with status code 404
{
  "response": {
    "message": "Task not found"
  },
  "status": 404
}
[WARNING] Task cb518927-b226-4522-b7f2-0d4ab374ed4e not found (404), retrying...
[ERROR] API Error: Request failed with status code 404
{
  "response": {
    "message": "Task not found"
  },
  "status": 404
}
[WARNING] Task cb518927-b226-4522-b7f2-0d4ab374ed4e not found (404), retrying...
[ERROR] API Error: Request failed with status code 404
{
  "response": {
    "message": "Task not found"
  },
  "status": 404
}
[WARNING] Task cb518927-b226-4522-b7f2-0d4ab374ed4e not found (404), retrying...
[ERROR] API Error: Request failed with status code 404
{
  "response": {
    "message": "Task not found"
  },
  "status": 404
}
[WARNING] Task cb518927-b226-4522-b7f2-0d4ab374ed4e not found (404), retrying...
[ERROR] API Error: Request failed with status code 404
{
  "response": {
    "message": "Task not found"
  },
  "status": 404
}
[WARNING] Task cb518927-b226-4522-b7f2-0d4ab374ed4e not found (404), retrying...
[ERROR] API Error: Request failed with status code 404
{
  "response": {
    "message": "Task not found"
  },
  "status": 404
}
[WARNING] Task cb518927-b226-4522-b7f2-0d4ab374ed4e not found (404), retrying...
[ERROR] API Error: Request failed with status code 404
{
  "response": {
    "message": "Task not found"
  },
  "status": 404
}
[WARNING] Task cb518927-b226-4522-b7f2-0d4ab374ed4e not found (404), retrying...
[ERROR] API Error: Request failed with status code 404
{
  "response": {
    "message": "Task not found"
  },
  "status": 404
}
[WARNING] Task cb518927-b226-4522-b7f2-0d4ab374ed4e not found (404), retrying...
[ERROR] API Error: Request failed with status code 404
{
  "response": {
    "message": "Task not found"
  },
  "status": 404
}
[WARNING] Task cb518927-b226-4522-b7f2-0d4ab374ed4e not found (404), retrying...
[ERROR] API Error: Request failed with status code 404
{
  "response": {
    "message": "Task not found"
  },
  "status": 404
}
[WARNING] Task cb518927-b226-4522-b7f2-0d4ab374ed4e not found (404), retrying...
[ERROR] API Error: Request failed with status code 404
{
  "response": {
    "message": "Task not found"
  },
  "status": 404
}
[WARNING] Task cb518927-b226-4522-b7f2-0d4ab374ed4e not found (404), retrying...
[ERROR] API Error: Request failed with status code 404
{
  "response": {
    "message": "Task not found"
  },
  "status": 404
}
[WARNING] Task cb518927-b226-4522-b7f2-0d4ab374ed4e not found (404), retrying...
[ERROR] API Error: Request failed with status code 404
{
  "response": {
    "message": "Task not found"
  },
  "status": 404
}
[WARNING] Task cb518927-b226-4522-b7f2-0d4ab374ed4e not found (404), retrying...
[ERROR] API Error: Request failed with status code 404
{
  "response": {
    "message": "Task not found"
  },
  "status": 404
}
[WARNING] Task cb518927-b226-4522-b7f2-0d4ab374ed4e not found (404), retrying...
[ERROR] API Error: Request failed with status code 404
{
  "response": {
    "message": "Task not found"
  },
  "status": 404
}
[WARNING] Task cb518927-b226-4522-b7f2-0d4ab374ed4e not found (404), retrying...
[ERROR] API Error: Request failed with status code 404
{
  "response": {
    "message": "Task not found"
  },
  "status": 404
}
[WARNING] Task cb518927-b226-4522-b7f2-0d4ab374ed4e not found (404), retrying...
[ERROR] API Error: Request failed with status code 404
{
  "response": {
    "message": "Task not found"
  },
  "status": 404
}
[WARNING] Task cb518927-b226-4522-b7f2-0d4ab374ed4e not found (404), retrying...
[ERROR] API Error: Request failed with status code 404
{
  "response": {
    "message": "Task not found"
  },
  "status": 404
}
[WARNING] Task cb518927-b226-4522-b7f2-0d4ab374ed4e not found (404), retrying...
[ERROR] API Error: Request failed with status code 404
{
  "response": {
    "message": "Task not found"
  },
  "status": 404
}
[WARNING] Task cb518927-b226-4522-b7f2-0d4ab374ed4e not found (404), retrying...
[ERROR] API Error: Request failed with status code 404
{
  "response": {
    "message": "Task not found"
  },
  "status": 404
}
[WARNING] Task cb518927-b226-4522-b7f2-0d4ab374ed4e not found (404), retrying...
[ERROR] API Error: Request failed with status code 404
{
  "response": {
    "message": "Task not found"
  },
  "status": 404
}
[WARNING] Task cb518927-b226-4522-b7f2-0d4ab374ed4e not found (404), retrying...
[ERROR] API Error: Request failed with status code 404
{
  "response": {
    "message": "Task not found"
  },
  "status": 404
}
[WARNING] Task cb518927-b226-4522-b7f2-0d4ab374ed4e not found (404), retrying...
[ERROR] API Error: Request failed with status code 404
{
  "response": {
    "message": "Task not found"
  },
  "status": 404
}
[WARNING] Task cb518927-b226-4522-b7f2-0d4ab374ed4e not found (404), retrying...
[ERROR] API Error: Request failed with status code 404
{
  "response": {
    "message": "Task not found"
  },
  "status": 404
}
[WARNING] Task cb518927-b226-4522-b7f2-0d4ab374ed4e not found (404), retrying...
[ERROR] API Error: Request failed with status code 404
{
  "response": {
    "message": "Task not found"
  },
  "status": 404
}
[WARNING] Task cb518927-b226-4522-b7f2-0d4ab374ed4e not found (404), retrying...
[ERROR] API Error: Request failed with status code 404
{
  "response": {
    "message": "Task not found"
  },
  "status": 404
}
[WARNING] Task cb518927-b226-4522-b7f2-0d4ab374ed4e not found (404), retrying...
[ERROR] API Error: Request failed with status code 404
{
  "response": {
    "message": "Task not found"
  },
  "status": 404
}
[WARNING] Task cb518927-b226-4522-b7f2-0d4ab374ed4e not found (404), retrying...
[ERROR] API Error: Request failed with status code 404
{
  "response": {
    "message": "Task not found"
  },
  "status": 404
}
[WARNING] Task cb518927-b226-4522-b7f2-0d4ab374ed4e not found (404), retrying...
[ERROR] API Error: Request failed with status code 404
{
  "response": {
    "message": "Task not found"
  },
  "status": 404
}
[WARNING] Task cb518927-b226-4522-b7f2-0d4ab374ed4e not found (404), retrying...
[ERROR] API Error: Request failed with status code 404
{
  "response": {
    "message": "Task not found"
  },
  "status": 404
}
[WARNING] Task cb518927-b226-4522-b7f2-0d4ab374ed4e not found (404), retrying...
[ERROR] API Error: Request failed with status code 404
{
  "response": {
    "message": "Task not found"
  },
  "status": 404
}
[WARNING] Task cb518927-b226-4522-b7f2-0d4ab374ed4e not found (404), retrying...
[ERROR] API Error: Request failed with status code 404
{
  "response": {
    "message": "Task not found"
  },
  "status": 404
}
[WARNING] Task cb518927-b226-4522-b7f2-0d4ab374ed4e not found (404), retrying...
[ERROR] API Error: Request failed with status code 404
{
  "response": {
    "message": "Task not found"
  },
  "status": 404
}
[WARNING] Task cb518927-b226-4522-b7f2-0d4ab374ed4e not found (404), retrying...
[ERROR] API Error: Request failed with status code 404
{
  "response": {
    "message": "Task not found"
  },
  "status": 404
}
[WARNING] Task cb518927-b226-4522-b7f2-0d4ab374ed4e not found (404), retrying...
[ERROR] API Error: Request failed with status code 404
{
  "response": {
    "message": "Task not found"
  },
  "status": 404
}
[WARNING] Task cb518927-b226-4522-b7f2-0d4ab374ed4e not found (404), retrying...
[ERROR] API Error: Request failed with status code 404
{
  "response": {
    "message": "Task not found"
  },
  "status": 404
}
[WARNING] Task cb518927-b226-4522-b7f2-0d4ab374ed4e not found (404), retrying...
[ERROR] API Error: Request failed with status code 404
{
  "response": {
    "message": "Task not found"
  },
  "status": 404
}
[WARNING] Task cb518927-b226-4522-b7f2-0d4ab374ed4e not found (404), retrying...
[ERROR] API Error: Request failed with status code 404
{
  "response": {
    "message": "Task not found"
  },
  "status": 404
}
[WARNING] Task cb518927-b226-4522-b7f2-0d4ab374ed4e not found (404), retrying...
[ERROR] API Error: Request failed with status code 404
{
  "response": {
    "message": "Task not found"
  },
  "status": 404
}
[WARNING] Task cb518927-b226-4522-b7f2-0d4ab374ed4e not found (404), retrying...
[ERROR] API Error: Request failed with status code 404
{
  "response": {
    "message": "Task not found"
  },
  "status": 404
}
[WARNING] Task cb518927-b226-4522-b7f2-0d4ab374ed4e not found (404), retrying...
[ERROR] API Error: Request failed with status code 404
{
  "response": {
    "message": "Task not found"
  },
  "status": 404
}
[WARNING] Task cb518927-b226-4522-b7f2-0d4ab374ed4e not found (404), retrying...
[ERROR] API Error: Request failed with status code 404
{
  "response": {
    "message": "Task not found"
  },
  "status": 404
}
[WARNING] Task cb518927-b226-4522-b7f2-0d4ab374ed4e not found (404), retrying...
[ERROR] API Error: Request failed with status code 404
{
  "response": {
    "message": "Task not found"
  },
  "status": 404
}
[WARNING] Task cb518927-b226-4522-b7f2-0d4ab374ed4e not found (404), retrying...
[ERROR] Timeout waiting for task cb518927-b226-4522-b7f2-0d4ab374ed4e
тЭМ FAILED: kling-v2-1-pro
   Error: kling-v2-1-pro: Timeout waiting for video gen
eration

----------------------------------------
Testing: WAN 2.6 i2v 720p (wan-i2v-720p)
----------------------------------------
[ERROR] API Error: Request failed with status code 429
{
  "response": {
    "message": "Hello! You have reached the limit of the free trial usage. You can upgrade to a paid plan here: https://www.freepik.com/developers/dashboard/billing"
  },
  "status": 429
}
тЭМ FAILED: wan-i2v-720p
   Error: wan-i2v-720p: Hello! You have reached the lim
it of the free trial usage. You can upgrade to a paid p
lan here: https://www.freepik.com/developers/dashboard/
billing

----------------------------------------
Testing: MiniMax Hailuo 2.3 (minimax-hailuo-2-3-1080p)
----------------------------------------
[ERROR] API Error: Request failed with status code 429
{
  "response": {
    "message": "Hello! You have reached the limit of the free trial usage. You can upgrade to a paid plan here: https://www.freepik.com/developers/dashboard/billing"
  },
  "status": 429
}
тЭМ FAILED: minimax-hailuo-2-3-1080p
   Error: minimax-hailuo-2-3-1080p: Hello! You have rea
ched the limit of the free trial usage. You can upgrade
 to a paid plan here: https://www.freepik.com/developer
s/dashboard/billing

----------------------------------------
Testing: LTX Video 2.0 Pro (ltx-video-2-pro)
----------------------------------------
[ERROR] ImgBB Upload Failed
{
  "status_code": 400,
  "error": {
    "message": "Invalid API v1 key.",
    "code": 100
  },
  "status_txt": "Bad Request"
}
ImgBB Upload Error: {
  status_code: 400,
  error: { message: 'Invalid API v1 key.', code: 100 },
  status_txt: 'Bad Request'
}
тЭМ FAILED: ltx-video-2-pro
   Error: ltx-video-2-pro: ImgBB Upload Failed: Request
 failed with status code 400

----------------------------------------
Testing: WAN 2.6 t2v 720p (wan-t2v-720p)
----------------------------------------
[ERROR] API Error: Request failed with status code 429
{
  "response": {
    "message": "Hello! You have reached the limit of the free trial usage. You can upgrade to a paid plan here: https://www.freepik.com/developers/dashboard/billing"
  },
  "status": 429
}
тЭМ FAILED: wan-t2v-720p
   Error: wan-t2v-720p: Hello! You have reached the lim
it of the free trial usage. You can upgrade to a paid p
lan here: https://www.freepik.com/developers/dashboard/
billing


=== Test Results Summary ===
тФМтФАтФАтФАтФАтФАтФАтФАтФАтФАтФмтФАтФАтФАтФАтФАтФАтФАтФАтФАтФАтФАтФАтФАтФАтФАтФАтФАтФАтФАтФАтФАтФАтФАтФАтФАтФАтФАтФАтФмтФАтФАтФАтФАтФАтФАтФАтФАтФАтФАтФмтФАтФАтФАтФАтФАтФАтФАтФАтФАтФАтФАтФАтФАтФАтФАтФАтФАтФАтФАтФАтФАтФАтФАтФАтФАтФАтФАтФАтФАтФАтФАтФАтФАтФАтФАтФАтФАтФАтФАтФАтФАтФАтФАтФАтФАтФАтФАтФАтФАтФАтФАтФАтФАтФАтФАтФАтФАтФАтФАтФАтФАтФАтФАтФАтФАтФАтФАтФАтФАтФАтФАтФАтФАтФАтФАтФАтФАтФАтФАтФАтФАтФАтФАтФАтФАтФАтФАтФАтФАтФАтФАтФАтФАтФАтФАтФАтФАтФАтФАтФАтФАтФАтФАтФАтФАтФАтФАтФАтФАтФАтФАтФАтФАтФАтФАтФАтФАтФАтФАтФАтФАтФАтФАтФАтФАтФАтФАтФАтФАтФАтФАтФАтФАтФАтФАтФАтФАтФАтФАтФАтФАтФАтФАтФАтФАтФАтФАтФАтФАтФАтФАтФАтФАтФАтФАтФАтФАтФАтФАтФАтФАтФАтФАтФАтФАтФАтФАтФАтФАтФАтФАтФАтФАтФАтФАтФАтФАтФАтФР
тФВ (index) тФВ Model                      тФВ Outcome  тФВ Details                                                                                                                                                                          тФВ
тФЬтФАтФАтФАтФАтФАтФАтФАтФАтФАтФ╝тФАтФАтФАтФАтФАтФАтФАтФАтФАтФАтФАтФАтФАтФАтФАтФАтФАтФАтФАтФАтФАтФАтФАтФАтФАтФАтФАтФАтФ╝тФАтФАтФАтФАтФАтФАтФАтФАтФАтФАтФ╝тФАтФАтФАтФАтФАтФАтФАтФАтФАтФАтФАтФАтФАтФАтФАтФАтФАтФАтФАтФАтФАтФАтФАтФАтФАтФАтФАтФАтФАтФАтФАтФАтФАтФАтФАтФАтФАтФАтФАтФАтФАтФАтФАтФАтФАтФАтФАтФАтФАтФАтФАтФАтФАтФАтФАтФАтФАтФАтФАтФАтФАтФАтФАтФАтФАтФАтФАтФАтФАтФАтФАтФАтФАтФАтФАтФАтФАтФАтФАтФАтФАтФАтФАтФАтФАтФАтФАтФАтФАтФАтФАтФАтФАтФАтФАтФАтФАтФАтФАтФАтФАтФАтФАтФАтФАтФАтФАтФАтФАтФАтФАтФАтФАтФАтФАтФАтФАтФАтФАтФАтФАтФАтФАтФАтФАтФАтФАтФАтФАтФАтФАтФАтФАтФАтФАтФАтФАтФАтФАтФАтФАтФАтФАтФАтФАтФАтФАтФАтФАтФАтФАтФАтФАтФАтФАтФАтФАтФАтФАтФАтФАтФАтФАтФАтФАтФАтФАтФАтФАтФАтФАтФАтФАтФАтФАтФАтФАтФАтФд
тФВ 0       тФВ 'kling-o1-std'             тФВ 'FAILED' тФВ 'kling-o1-std: Task failed: Unknown error'                                                                                                                                       тФВ
тФВ 1       тФВ 'kling-v2'                 тФВ 'FAILED' тФВ 'kling-v2: Request failed with status code 500'                                                                                                                                  тФВ
тФВ 2       тФВ 'kling-v2-1-pro'           тФВ 'FAILED' тФВ 'kling-v2-1-pro: Timeout waiting for video generation'                                                                                                                           тФВ
тФВ 3       тФВ 'wan-i2v-720p'             тФВ 'FAILED' тФВ 'wan-i2v-720p: Hello! You have reached the limit of the free trial usage. You can upgrade to a paid plan here: https://www.freepik.com/developers/dashboard/billing'             тФВ
тФВ 4       тФВ 'minimax-hailuo-2-3-1080p' тФВ 'FAILED' тФВ 'minimax-hailuo-2-3-1080p: Hello! You have reached the limit of the free trial usage. You can upgrade to a paid plan here: https://www.freepik.com/developers/dashboard/billing' тФВ
тФВ 5       тФВ 'ltx-video-2-pro'          тФВ 'FAILED' тФВ 'ltx-video-2-pro: ImgBB Upload Failed: Request failed with status code 400'                                                                                                      тФВ
тФВ 6       тФВ 'wan-t2v-720p'             тФВ 'FAILED' тФВ 'wan-t2v-720p: Hello! You have reached the limit of the free trial usage. You can upgrade to a paid plan here: https://www.freepik.com/developers/dashboard/billing'             тФВ
тФФтФАтФАтФАтФАтФАтФАтФАтФАтФАтФ┤тФАтФАтФАтФАтФАтФАтФАтФАтФАтФАтФАтФАтФАтФАтФАтФАтФАтФАтФАтФАтФАтФАтФАтФАтФАтФАтФАтФАтФ┤тФАтФАтФАтФАтФАтФАтФАтФАтФАтФАтФ┤тФАтФАтФАтФАтФАтФАтФАтФАтФАтФАтФАтФАтФАтФАтФАтФАтФАтФАтФАтФАтФАтФАтФАтФАтФАтФАтФАтФАтФАтФАтФАтФАтФАтФАтФАтФАтФАтФАтФАтФАтФАтФАтФАтФАтФАтФАтФАтФАтФАтФАтФАтФАтФАтФАтФАтФАтФАтФАтФАтФАтФАтФАтФАтФАтФАтФАтФАтФАтФАтФАтФАтФАтФАтФАтФАтФАтФАтФАтФАтФАтФАтФАтФАтФАтФАтФАтФАтФАтФАтФАтФАтФАтФАтФАтФАтФАтФАтФАтФАтФАтФАтФАтФАтФАтФАтФАтФАтФАтФАтФАтФАтФАтФАтФАтФАтФАтФАтФАтФАтФАтФАтФАтФАтФАтФАтФАтФАтФАтФАтФАтФАтФАтФАтФАтФАтФАтФАтФАтФАтФАтФАтФАтФАтФАтФАтФАтФАтФАтФАтФАтФАтФАтФАтФАтФАтФАтФАтФАтФАтФАтФАтФАтФАтФАтФАтФАтФАтФАтФАтФАтФАтФАтФАтФАтФАтФАтФАтФАтФШ
